Reusing configuration cache.
> Task :app:preBuild UP-TO-DATE
> Task :app:generateDebugAssets UP-TO-DATE
> Task :app:preDebugBuild UP-TO-DATE
> Task :app:generateDebugBuildConfig UP-TO-DATE
> Task :app:processDebugGoogleServices UP-TO-DATE
> Task :app:mergeDebugNativeDebugMetadata NO-SOURCE
> Task :app:generateDebugResources UP-TO-DATE
> Task :app:packageDebugResources UP-TO-DATE
> Task :app:javaPreCompileDebug UP-TO-DATE
> Task :app:kspDebugKotlin UP-TO-DATE
> Task :app:checkDebugDuplicateClasses UP-TO-DATE
> Task :app:desugarDebugFileDependencies UP-TO-DATE
> Task :app:mergeLibDexDebug UP-TO-DATE
> Task :app:mergeExtDexDebug UP-TO-DATE
> Task :app:mapDebugSourceSetPaths UP-TO-DATE
> Task :app:checkDebugAarMetadata UP-TO-DATE
> Task :app:mergeDebugAssets UP-TO-DATE
> Task :app:mergeDebugResources UP-TO-DATE
> Task :app:compressDebugAssets UP-TO-DATE
> Task :app:mergeDebugJniLibFolders UP-TO-DATE
> Task :app:extractDeepLinksDebug UP-TO-DATE
> Task :app:processDebugMainManifest UP-TO-DATE
> Task :app:createDebugCompatibleScreenManifests UP-TO-DATE
> Task :app:validateSigningDebug UP-TO-DATE
> Task :app:processDebugManifest UP-TO-DATE
> Task :app:writeDebugAppMetadata UP-TO-DATE
> Task :app:processDebugManifestForPackage UP-TO-DATE
> Task :app:mergeDebugNativeLibs UP-TO-DATE
> Task :app:writeDebugSigningConfigVersions UP-TO-DATE
> Task :app:stripDebugDebugSymbols UP-TO-DATE
> Task :app:processDebugNavigationResources UP-TO-DATE
> Task :app:compileDebugNavigationResources UP-TO-DATE
> Task :app:parseDebugLocalResources UP-TO-DATE
> Task :app:generateDebugRFile UP-TO-DATE
> Task :app:processDebugResources UP-TO-DATE

> Task :app:compileDebugKotlin FAILED
e: file:///app/applet/app/src/main/java/com/example/ui/PrinterDashboardScreen.kt:243:17 Unresolved reference 'SaveProgressIndicatorBanner'.
e: file:///app/applet/app/src/main/java/com/example/ui/PrinterDashboardScreen.kt:245:35 Cannot infer type for this parameter. Specify it explicitly.
e: file:///app/applet/app/src/main/java/com/example/ui/PrinterDashboardScreen.kt:269:21 Unresolved reference 'EmptyPrintJobsCard'.
e: file:///app/applet/app/src/main/java/com/example/ui/PrinterDashboardScreen.kt:276:21 Unresolved reference 'PrintJobCard'.
e: file:///app/applet/app/src/main/java/com/example/ui/PrinterDashboardScreen.kt:292:9 Unresolved reference 'SaveCustomFilenameDialog'.
e: file:///app/applet/app/src/main/java/com/example/ui/PrinterDashboardScreen.kt:300:27 Cannot infer type for this parameter. Specify it explicitly.
e: file:///app/applet/app/src/main/java/com/example/ui/PrinterDashboardScreen.kt:312:9 Unresolved reference 'RenameFilenameDialog'.
e: file:///app/applet/app/src/main/java/com/example/ui/PrinterDashboardScreen.kt:314:27 Cannot infer type for this parameter. Specify it explicitly.
e: file:///app/applet/app/src/main/java/com/example/ui/PrinterDashboardScreen.kt:324:9 Unresolved reference 'PcSetupDialog'.
e: file:///app/applet/app/src/main/java/com/example/ui/PrinterDashboardScreen.kt:878:74 Cannot infer type for this parameter. Specify it explicitly.
e: file:///app/applet/app/src/main/java/com/example/ui/PrinterDashboardScreen.kt:878:74 Not enough information to infer type argument for 'T'.
e: file:///app/applet/app/src/main/java/com/example/ui/PrinterDashboardScreen.kt:878:74 Function 'component1()' is ambiguous for this expression: 
fun <T> Array<out T>.component1(): T
fun ByteArray.component1(): Byte
fun ShortArray.component1(): Short
fun IntArray.component1(): Int
fun LongArray.component1(): Long
fun FloatArray.component1(): Float
fun DoubleArray.component1(): Double
fun BooleanArray.component1(): Boolean
fun CharArray.component1(): Char
fun <T> List<T>.component1(): T
fun <K, V> Map.Entry<K, V>.component1(): K
fun UIntArray.component1(): UInt
fun ULongArray.component1(): ULong
fun UByteArray.component1(): UByte
fun UShortArray.component1(): UShort.
e: file:///app/applet/app/src/main/java/com/example/ui/PrinterDashboardScreen.kt:878:74 Function 'component2()' is ambiguous for this expression: 
fun <T> Array<out T>.component2(): T
fun ByteArray.component2(): Byte
fun ShortArray.component2(): Short
fun IntArray.component2(): Int
fun LongArray.component2(): Long
fun FloatArray.component2(): Float
fun DoubleArray.component2(): Double
fun BooleanArray.component2(): Boolean
fun CharArray.component2(): Char
fun <T> List<T>.component2(): T
fun <K, V> Map.Entry<K, V>.component2(): V
fun UIntArray.component2(): UInt
fun ULongArray.component2(): ULong
fun UByteArray.component2(): UByte
fun UShortArray.component2(): UShort.
e: file:///app/applet/app/src/main/java/com/example/ui/PrinterDashboardScreen.kt:878:74 Function 'component3()' is ambiguous for this expression: 
fun <T> Array<out T>.component3(): T
fun ByteArray.component3(): Byte
fun ShortArray.component3(): Short
fun IntArray.component3(): Int
fun LongArray.component3(): Long
fun FloatArray.component3(): Float
fun DoubleArray.component3(): Double
fun BooleanArray.component3(): Boolean
fun CharArray.component3(): Char
fun <T> List<T>.component3(): T
fun UIntArray.component3(): UInt
fun ULongArray.component3(): ULong
fun UByteArray.component3(): UByte
fun UShortArray.component3(): UShort.
e: file:///app/applet/app/src/main/java/com/example/ui/PrinterDashboardScreen.kt:878:74 Function 'component4()' is ambiguous for this expression: 
fun <T> Array<out T>.component4(): T
fun ByteArray.component4(): Byte
fun ShortArray.component4(): Short
fun IntArray.component4(): Int
fun LongArray.component4(): Long
fun FloatArray.component4(): Float
fun DoubleArray.component4(): Double
fun BooleanArray.component4(): Boolean
fun CharArray.component4(): Char
fun <T> List<T>.component4(): T
fun UIntArray.component4(): UInt
fun ULongArray.component4(): ULong
fun UByteArray.component4(): UByte
fun UShortArray.component4(): UShort.
e: file:///app/applet/app/src/main/java/com/example/ui/PrinterDashboardScreen.kt:878:74 Function 'component5()' is ambiguous for this expression: 
fun <T> Array<out T>.component5(): T
fun ByteArray.component5(): Byte
fun ShortArray.component5(): Short
fun IntArray.component5(): Int
fun LongArray.component5(): Long
fun FloatArray.component5(): Float
fun DoubleArray.component5(): Double
fun BooleanArray.component5(): Boolean
fun CharArray.component5(): Char
fun <T> List<T>.component5(): T
fun UIntArray.component5(): UInt
fun ULongArray.component5(): ULong
fun UByteArray.component5(): UByte
fun UShortArray.component5(): UShort.
e: file:///app/applet/app/src/main/java/com/example/ui/PrinterDashboardScreen.kt:879:9 Not enough information to infer type argument for 'K'.
e: file:///app/applet/app/src/main/java/com/example/ui/PrinterDashboardScreen.kt:880:13 Unresolved reference 'Tuple5'.
e: file:///app/applet/app/src/main/java/com/example/ui/PrinterDashboardScreen.kt:881:16 Not enough information to infer type argument for 'K'.
e: file:///app/applet/app/src/main/java/com/example/ui/PrinterDashboardScreen.kt:882:13 Unresolved reference 'Tuple5'.
e: file:///app/applet/app/src/main/java/com/example/ui/PrinterDashboardScreen.kt:883:16 Not enough information to infer type argument for 'K'.
e: file:///app/applet/app/src/main/java/com/example/ui/PrinterDashboardScreen.kt:884:13 Unresolved reference 'Tuple5'.
e: file:///app/applet/app/src/main/java/com/example/ui/PrinterDashboardScreen.kt:886:13 Unresolved reference 'Tuple5'.
e: file:///app/applet/app/src/main/java/com/example/ui/PrinterDashboardScreen.kt:1617:2 Syntax error: Expecting '}'.

FAILURE: Build failed with an exception.

* What went wrong:
Execution failed for task ':app:compileDebugKotlin'.
> A failure occurred while executing org.jetbrains.kotlin.compilerRunner.GradleCompilerRunnerWithWorkers$GradleKotlinCompilerWorkAction
   > Compilation error. See log for more details

* Try:
> Run with --stacktrace option to get the stack trace.
> Run with --info or --debug option to get more log output.
> Run with --scan to get full insights from a Build Scan (powered by Develocity).
> Get more help at https://help.gradle.org.

BUILD FAILED in 15s
32 actionable tasks: 1 executed, 31 up-to-date
Configuration cache entry reused.
