Reusing configuration cache.
> Task :app:preBuild UP-TO-DATE
> Task :app:generateDebugAssets UP-TO-DATE
> Task :app:preDebugBuild UP-TO-DATE
> Task :app:mergeDebugNativeDebugMetadata NO-SOURCE
> Task :app:generateDebugResources UP-TO-DATE
> Task :app:processDebugGoogleServices UP-TO-DATE
> Task :app:generateDebugBuildConfig UP-TO-DATE
> Task :app:packageDebugResources UP-TO-DATE
> Task :app:javaPreCompileDebug UP-TO-DATE
> Task :app:checkDebugDuplicateClasses UP-TO-DATE
> Task :app:desugarDebugFileDependencies UP-TO-DATE
> Task :app:mergeExtDexDebug UP-TO-DATE
> Task :app:mergeLibDexDebug UP-TO-DATE
> Task :app:mergeDebugAssets UP-TO-DATE
> Task :app:checkDebugAarMetadata UP-TO-DATE
> Task :app:mapDebugSourceSetPaths UP-TO-DATE
> Task :app:compressDebugAssets UP-TO-DATE
> Task :app:createDebugCompatibleScreenManifests UP-TO-DATE
> Task :app:extractDeepLinksDebug UP-TO-DATE
> Task :app:processDebugMainManifest UP-TO-DATE
> Task :app:processDebugManifest UP-TO-DATE
> Task :app:processDebugManifestForPackage UP-TO-DATE
> Task :app:mergeDebugJniLibFolders UP-TO-DATE
> Task :app:mergeDebugResources UP-TO-DATE
> Task :app:validateSigningDebug UP-TO-DATE
> Task :app:mergeDebugNativeLibs UP-TO-DATE
> Task :app:writeDebugAppMetadata UP-TO-DATE
> Task :app:stripDebugDebugSymbols UP-TO-DATE
> Task :app:writeDebugSigningConfigVersions UP-TO-DATE
> Task :app:processDebugNavigationResources UP-TO-DATE
> Task :app:compileDebugNavigationResources UP-TO-DATE
> Task :app:parseDebugLocalResources UP-TO-DATE
> Task :app:generateDebugRFile UP-TO-DATE
> Task :app:processDebugResources UP-TO-DATE
Exception in thread "AWT-EventQueue-0" java.lang.NullPointerException: Cannot invoke "ksp.com.intellij.openapi.application.Application.getService(java.lang.Class)" because the return value of "ksp.com.intellij.openapi.application.ApplicationManager.getApplication()" is null
	at ksp.com.intellij.openapi.fileEditor.FileDocumentManager.getInstance(FileDocumentManager.java:35)
	at ksp.com.intellij.openapi.fileTypes.BinaryFileTypeDecompilers.lambda$notifyDecompilerSetChange$1(BinaryFileTypeDecompilers.java:29)
	at java.desktop/java.awt.event.InvocationEvent.dispatch(InvocationEvent.java:318)
	at java.desktop/java.awt.EventQueue.dispatchEventImpl(EventQueue.java:773)
	at java.desktop/java.awt.EventQueue$4.run(EventQueue.java:720)
	at java.desktop/java.awt.EventQueue$4.run(EventQueue.java:714)
	at java.base/java.security.AccessController.doPrivileged(AccessController.java:400)
	at java.base/java.security.ProtectionDomain$JavaSecurityAccessImpl.doIntersectionPrivilege(ProtectionDomain.java:87)
	at java.desktop/java.awt.EventQueue.dispatchEvent(EventQueue.java:742)
	at java.desktop/java.awt.EventDispatchThread.pumpOneEventForFilters(EventDispatchThread.java:203)
	at java.desktop/java.awt.EventDispatchThread.pumpEventsForFilter(EventDispatchThread.java:124)
	at java.desktop/java.awt.EventDispatchThread.pumpEventsForHierarchy(EventDispatchThread.java:113)
	at java.desktop/java.awt.EventDispatchThread.pumpEvents(EventDispatchThread.java:109)
	at java.desktop/java.awt.EventDispatchThread.pumpEvents(EventDispatchThread.java:101)
	at java.desktop/java.awt.EventDispatchThread.run(EventDispatchThread.java:90)
> Task :app:kspDebugKotlin

> Task :app:compileDebugKotlin FAILED
e: file:///app/applet/app/src/main/java/com/example/ui/PrinterDashboardScreen.kt:243:17 Unresolved reference 'SaveProgressIndicatorBanner'.
e: file:///app/applet/app/src/main/java/com/example/ui/PrinterDashboardScreen.kt:245:35 Cannot infer type for this parameter. Specify it explicitly.
e: file:///app/applet/app/src/main/java/com/example/ui/PrinterDashboardScreen.kt:269:21 Unresolved reference 'EmptyPrintJobsCard'.
e: file:///app/applet/app/src/main/java/com/example/ui/PrinterDashboardScreen.kt:276:21 Unresolved reference 'PrintJobCard'.
e: file:///app/applet/app/src/main/java/com/example/ui/PrinterDashboardScreen.kt:292:9 Unresolved reference 'SaveCustomFilenameDialog'.
e: file:///app/applet/app/src/main/java/com/example/ui/PrinterDashboardScreen.kt:300:27 Cannot infer type for this parameter. Specify it explicitly.
e: file:///app/applet/app/src/main/java/com/example/ui/PrinterDashboardScreen.kt:312:9 Unresolved reference 'RenameFilenameDialog'.
e: file:///app/applet/app/src/main/java/com/example/ui/PrinterDashboardScreen.kt:314:27 Cannot infer type for this parameter. Specify it explicitly.
e: file:///app/applet/app/src/main/java/com/example/ui/PrinterDashboardScreen.kt:324:9 Unresolved reference 'PcSetupDialog'.
e: file:///app/applet/app/src/main/java/com/example/ui/PrinterDashboardScreen.kt:885:38 Unresolved reference 'job'.
e: file:///app/applet/app/src/main/java/com/example/ui/PrinterDashboardScreen.kt:886:18 This foundation API is experimental and is likely to change or be removed in the future.
e: file:///app/applet/app/src/main/java/com/example/ui/PrinterDashboardScreen.kt:887:33 Unresolved reference 'onPreview'.
e: file:///app/applet/app/src/main/java/com/example/ui/PrinterDashboardScreen.kt:888:37 Unresolved reference 'showMenu'.
e: file:///app/applet/app/src/main/java/com/example/ui/PrinterDashboardScreen.kt:905:37 Unresolved reference 'badgeBg'.
e: file:///app/applet/app/src/main/java/com/example/ui/PrinterDashboardScreen.kt:909:39 Unresolved reference 'formatIcon'.
e: file:///app/applet/app/src/main/java/com/example/ui/PrinterDashboardScreen.kt:910:50 Unresolved reference 'hasPdf'.
e: file:///app/applet/app/src/main/java/com/example/ui/PrinterDashboardScreen.kt:911:32 Unresolved reference 'badgeFg'.
e: file:///app/applet/app/src/main/java/com/example/ui/PrinterDashboardScreen.kt:920:32 Unresolved reference 'job'.
e: file:///app/applet/app/src/main/java/com/example/ui/PrinterDashboardScreen.kt:929:34 Unresolved reference 'dateFormatted'.
e: file:///app/applet/app/src/main/java/com/example/ui/PrinterDashboardScreen.kt:929:51 Unresolved reference 'formattedSize'.
e: file:///app/applet/app/src/main/java/com/example/ui/PrinterDashboardScreen.kt:935:40 Unresolved reference 'showMenu'.
e: file:///app/applet/app/src/main/java/com/example/ui/PrinterDashboardScreen.kt:946:24 Unresolved reference 'showMenu'.
e: file:///app/applet/app/src/main/java/com/example/ui/PrinterDashboardScreen.kt:947:34 Unresolved reference 'showMenu'.
e: file:///app/applet/app/src/main/java/com/example/ui/PrinterDashboardScreen.kt:952:29 Unresolved reference 'showMenu'.
e: file:///app/applet/app/src/main/java/com/example/ui/PrinterDashboardScreen.kt:952:47 Unresolved reference 'onPreview'.
e: file:///app/applet/app/src/main/java/com/example/ui/PrinterDashboardScreen.kt:953:38 Unresolved reference 'actionIcon'.
e: file:///app/applet/app/src/main/java/com/example/ui/PrinterDashboardScreen.kt:957:29 Unresolved reference 'showMenu'.
e: file:///app/applet/app/src/main/java/com/example/ui/PrinterDashboardScreen.kt:957:47 Unresolved reference 'onRename'.
e: file:///app/applet/app/src/main/java/com/example/ui/PrinterDashboardScreen.kt:962:29 Unresolved reference 'showMenu'.
e: file:///app/applet/app/src/main/java/com/example/ui/PrinterDashboardScreen.kt:962:47 Unresolved reference 'onShare'.
e: file:///app/applet/app/src/main/java/com/example/ui/PrinterDashboardScreen.kt:967:29 Unresolved reference 'showMenu'.
e: file:///app/applet/app/src/main/java/com/example/ui/PrinterDashboardScreen.kt:967:47 Unresolved reference 'onDelete'.
e: file:///app/applet/app/src/main/java/com/example/ui/PrinterDashboardScreen.kt:1607:6 Syntax error: Expecting '}'.

FAILURE: Build failed with an exception.

* What went wrong:
Execution failed for task ':app:compileDebugKotlin'.
> A failure occurred while executing org.jetbrains.kotlin.compilerRunner.GradleCompilerRunnerWithWorkers$GradleKotlinCompilerWorkAction
   > Compilation error. See log for more details

* Try:
> Run with --stacktrace option to get the stack trace.
> Run with --info or --debug option to get more log output.
> Run with --scan to get full insights from a Build Scan (powered by Develocity).
> Get more help at https://help.gradle.org.

BUILD FAILED in 21s
32 actionable tasks: 2 executed, 30 up-to-date
Configuration cache entry reused.
