Reusing configuration cache.
> Task :app:generateDebugAssets UP-TO-DATE
> Task :app:preBuild UP-TO-DATE
> Task :app:preDebugBuild UP-TO-DATE
> Task :app:mergeDebugNativeDebugMetadata NO-SOURCE
> Task :app:generateDebugBuildConfig UP-TO-DATE
> Task :app:processDebugGoogleServices UP-TO-DATE
> Task :app:generateDebugResources UP-TO-DATE
> Task :app:packageDebugResources UP-TO-DATE
> Task :app:javaPreCompileDebug UP-TO-DATE
> Task :app:checkDebugDuplicateClasses UP-TO-DATE
> Task :app:desugarDebugFileDependencies UP-TO-DATE
> Task :app:mergeExtDexDebug UP-TO-DATE
> Task :app:mergeLibDexDebug UP-TO-DATE
> Task :app:checkDebugAarMetadata UP-TO-DATE
> Task :app:mergeDebugAssets UP-TO-DATE
> Task :app:mapDebugSourceSetPaths UP-TO-DATE
> Task :app:compressDebugAssets UP-TO-DATE
> Task :app:createDebugCompatibleScreenManifests UP-TO-DATE
> Task :app:extractDeepLinksDebug UP-TO-DATE
> Task :app:processDebugMainManifest UP-TO-DATE
> Task :app:processDebugManifest UP-TO-DATE
> Task :app:processDebugManifestForPackage UP-TO-DATE
> Task :app:mergeDebugJniLibFolders UP-TO-DATE
> Task :app:mergeDebugResources UP-TO-DATE
> Task :app:mergeDebugNativeLibs UP-TO-DATE
> Task :app:validateSigningDebug UP-TO-DATE
> Task :app:writeDebugAppMetadata UP-TO-DATE
> Task :app:stripDebugDebugSymbols UP-TO-DATE
> Task :app:writeDebugSigningConfigVersions UP-TO-DATE
> Task :app:processDebugNavigationResources UP-TO-DATE
> Task :app:compileDebugNavigationResources UP-TO-DATE
> Task :app:parseDebugLocalResources UP-TO-DATE
> Task :app:generateDebugRFile UP-TO-DATE
> Task :app:processDebugResources UP-TO-DATE
> Task :app:kspDebugKotlin

> Task :app:compileDebugKotlin
e: file:///app/applet/app/src/main/java/com/example/ui/PrinterDashboardScreen.kt:884:5 Syntax error: Expecting a top level declaration.
e: file:///app/applet/app/src/main/java/com/example/ui/PrinterDashboardScreen.kt:886:5 Syntax error: Expecting a top level declaration.
e: file:///app/applet/app/src/main/java/com/example/ui/PrinterDashboardScreen.kt:886:8 Syntax error: Expecting a top level declaration.
e: file:///app/applet/app/src/main/java/com/example/ui/PrinterDashboardScreen.kt:886:9 Syntax error: Expecting a top level declaration.
e: file:///app/applet/app/src/main/java/com/example/ui/PrinterDashboardScreen.kt:886:18 Syntax error: Expecting a top level declaration.
e: file:///app/applet/app/src/main/java/com/example/ui/PrinterDashboardScreen.kt:886:20 Syntax error: Expecting a top level declaration.
e: file:///app/applet/app/src/main/java/com/example/ui/PrinterDashboardScreen.kt:886:28 Syntax error: Expecting a top level declaration.
e: file:///app/applet/app/src/main/java/com/example/ui/PrinterDashboardScreen.kt:886:29 Syntax error: Expecting a top level declaration.
e: file:///app/applet/app/src/main/java/com/example/ui/PrinterDashboardScreen.kt:886:41 Syntax error: Expecting a top level declaration.
e: file:///app/applet/app/src/main/java/com/example/ui/PrinterDashboardScreen.kt:886:42 Syntax error: Expecting a top level declaration.
e: file:///app/applet/app/src/main/java/com/example/ui/PrinterDashboardScreen.kt:886:43 Syntax error: Expecting a top level declaration.
e: file:///app/applet/app/src/main/java/com/example/ui/PrinterDashboardScreen.kt:886:44 Syntax error: Expecting a top level declaration.
e: file:///app/applet/app/src/main/java/com/example/ui/PrinterDashboardScreen.kt:886:51 Syntax error: Expecting a top level declaration.
e: file:///app/applet/app/src/main/java/com/example/ui/PrinterDashboardScreen.kt:886:52 Syntax error: Expecting a top level declaration.
e: file:///app/applet/app/src/main/java/com/example/ui/PrinterDashboardScreen.kt:886:63 Syntax error: Expecting a top level declaration.
e: file:///app/applet/app/src/main/java/com/example/ui/PrinterDashboardScreen.kt:886:65 Syntax error: Expecting a top level declaration.
e: file:///app/applet/app/src/main/java/com/example/ui/PrinterDashboardScreen.kt:886:66 Syntax error: Expecting a top level declaration.
e: file:///app/applet/app/src/main/java/com/example/ui/PrinterDashboardScreen.kt:886:67 Syntax error: Expecting a top level declaration.
e: file:///app/applet/app/src/main/java/com/example/ui/PrinterDashboardScreen.kt:886:69 Syntax error: Expecting a top level declaration.
e: file:///app/applet/app/src/main/java/com/example/ui/PrinterDashboardScreen.kt:886:71 Syntax error: Expecting a top level declaration.
e: file:///app/applet/app/src/main/java/com/example/ui/PrinterDashboardScreen.kt:886:80 Syntax error: Expecting a top level declaration.
e: file:///app/applet/app/src/main/java/com/example/ui/PrinterDashboardScreen.kt:886:82 Syntax error: Expecting a top level declaration.
e: file:///app/applet/app/src/main/java/com/example/ui/PrinterDashboardScreen.kt:886:83 Syntax error: Expecting a top level declaration.
e: file:///app/applet/app/src/main/java/com/example/ui/PrinterDashboardScreen.kt:886:84 Syntax error: Expecting a top level declaration.
e: file:///app/applet/app/src/main/java/com/example/ui/PrinterDashboardScreen.kt:886:86 Syntax error: Expecting a top level declaration.
e: file:///app/applet/app/src/main/java/com/example/ui/PrinterDashboardScreen.kt:886:87 Syntax error: Expecting a top level declaration.
e: file:///app/applet/app/src/main/java/com/example/ui/PrinterDashboardScreen.kt:886:89 Syntax error: Expecting a top level declaration.
e: file:///app/applet/app/src/main/java/com/example/ui/PrinterDashboardScreen.kt:886:89 Functions which invoke @Composable functions must be marked with the @Composable annotation
e: file:///app/applet/app/src/main/java/com/example/ui/PrinterDashboardScreen.kt:886:89 Function declaration must have a name.
e: file:///app/applet/app/src/main/java/com/example/ui/PrinterDashboardScreen.kt:887:9 @Composable invocations can only happen from the context of a @Composable function
e: file:///app/applet/app/src/main/java/com/example/ui/PrinterDashboardScreen.kt:890:38 Unresolved reference 'job'.
e: file:///app/applet/app/src/main/java/com/example/ui/PrinterDashboardScreen.kt:891:18 This foundation API is experimental and is likely to change or be removed in the future.
e: file:///app/applet/app/src/main/java/com/example/ui/PrinterDashboardScreen.kt:892:33 Unresolved reference 'onPreview'.
e: file:///app/applet/app/src/main/java/com/example/ui/PrinterDashboardScreen.kt:893:37 Unresolved reference 'showMenu'.
e: file:///app/applet/app/src/main/java/com/example/ui/PrinterDashboardScreen.kt:896:35 @Composable invocations can only happen from the context of a @Composable function
e: file:///app/applet/app/src/main/java/com/example/ui/PrinterDashboardScreen.kt:896:77 @Composable invocations can only happen from the context of a @Composable function
e: file:///app/applet/app/src/main/java/com/example/ui/PrinterDashboardScreen.kt:897:38 @Composable invocations can only happen from the context of a @Composable function
e: file:///app/applet/app/src/main/java/com/example/ui/PrinterDashboardScreen.kt:910:37 Unresolved reference 'badgeBg'.
e: file:///app/applet/app/src/main/java/com/example/ui/PrinterDashboardScreen.kt:914:39 Unresolved reference 'formatIcon'.
e: file:///app/applet/app/src/main/java/com/example/ui/PrinterDashboardScreen.kt:915:50 Unresolved reference 'hasPdf'.
e: file:///app/applet/app/src/main/java/com/example/ui/PrinterDashboardScreen.kt:916:32 Unresolved reference 'badgeFg'.
e: file:///app/applet/app/src/main/java/com/example/ui/PrinterDashboardScreen.kt:925:32 Unresolved reference 'job'.
e: file:///app/applet/app/src/main/java/com/example/ui/PrinterDashboardScreen.kt:934:34 Unresolved reference 'dateFormatted'.
e: file:///app/applet/app/src/main/java/com/example/ui/PrinterDashboardScreen.kt:934:51 Unresolved reference 'formattedSize'.
e: file:///app/applet/app/src/main/java/com/example/ui/PrinterDashboardScreen.kt:940:40 Unresolved reference 'showMenu'.
e: file:///app/applet/app/src/main/java/com/example/ui/PrinterDashboardScreen.kt:950:9 @Composable invocations can only happen from the context of a @Composable function
e: file:///app/applet/app/src/main/java/com/example/ui/PrinterDashboardScreen.kt:951:24 Unresolved reference 'showMenu'.
e: file:///app/applet/app/src/main/java/com/example/ui/PrinterDashboardScreen.kt:952:34 Unresolved reference 'showMenu'.
e: file:///app/applet/app/src/main/java/com/example/ui/PrinterDashboardScreen.kt:953:58 @Composable invocations can only happen from the context of a @Composable function
e: file:///app/applet/app/src/main/java/com/example/ui/PrinterDashboardScreen.kt:957:29 Unresolved reference 'showMenu'.
e: file:///app/applet/app/src/main/java/com/example/ui/PrinterDashboardScreen.kt:957:47 Unresolved reference 'onPreview'.
e: file:///app/applet/app/src/main/java/com/example/ui/PrinterDashboardScreen.kt:958:38 Unresolved reference 'actionIcon'.
e: file:///app/applet/app/src/main/java/com/example/ui/PrinterDashboardScreen.kt:962:29 Unresolved reference 'showMenu'.
e: file:///app/applet/app/src/main/java/com/example/ui/PrinterDashboardScreen.kt:962:47 Unresolved reference 'onRename'.
e: file:///app/applet/app/src/main/java/com/example/ui/PrinterDashboardScreen.kt:967:29 Unresolved reference 'showMenu'.
e: file:///app/applet/app/src/main/java/com/example/ui/PrinterDashboardScreen.kt:967:47 Unresolved reference 'onShare'.
e: file:///app/applet/app/src/main/java/com/example/ui/PrinterDashboardScreen.kt:972:29 Unresolved reference 'showMenu'.
e: file:///app/applet/app/src/main/java/com/example/ui/PrinterDashboardScreen.kt:972:47 Unresolved reference 'onDelete'.
e: file:///app/applet/app/src/main/java/com/example/ui/PrinterDashboardScreen.kt:977:1 Syntax error: Expecting a top level declaration.
e: file:///app/applet/app/src/main/java/com/example/ui/PrinterDashboardScreen.kt:1612:6 Syntax error: Expecting '}'.

> Task :app:compileDebugKotlin FAILED

FAILURE: Build failed with an exception.

* What went wrong:
Execution failed for task ':app:compileDebugKotlin'.
> A failure occurred while executing org.jetbrains.kotlin.compilerRunner.GradleCompilerRunnerWithWorkers$GradleKotlinCompilerWorkAction
   > Compilation error. See log for more details

* Try:
> Run with --stacktrace option to get the stack trace.
> Run with --info or --debug option to get more log output.
> Run with --scan to get full insights from a Build Scan (powered by Develocity).
> Get more help at https://help.gradle.org.

BUILD FAILED in 18s
32 actionable tasks: 2 executed, 30 up-to-date
Configuration cache entry reused.
